###############################################################################
#
# IAR ELF Linker V9.10.1.308/W64 for ARM                  29/Nov/2025  02:24:45
# Copyright 2007-2021 IAR Systems AB.
#
#    Output file  =
#        C:\Users\ahmed\OneDrive - Garraio\Faculty\CSE211 Introduction to
#        Embedded\02-Labs\02-Lab_Projects\07-Week10\03-GPIO-Systick-Interrupt\Debug\Exe\03-GPIO-Systick-Interrupt.out
#    Map file     =
#        C:\Users\ahmed\OneDrive - Garraio\Faculty\CSE211 Introduction to
#        Embedded\02-Labs\02-Lab_Projects\07-Week10\03-GPIO-Systick-Interrupt\Debug\List\03-GPIO-Systick-Interrupt.map
#    Command line =
#        -f "C:\Users\ahmed\OneDrive - Garraio\Faculty\CSE211 Introduction to
#        Embedded\02-Labs\02-Lab_Projects\07-Week10\03-GPIO-Systick-Interrupt\Debug\Exe\03-GPIO-Systick-Interrupt.out.rsp"
#        ("C:\Users\ahmed\OneDrive - Garraio\Faculty\CSE211 Introduction to
#        Embedded\02-Labs\02-Lab_Projects\07-Week10\03-GPIO-Systick-Interrupt\Debug\Obj\dio.o"
#        "C:\Users\ahmed\OneDrive - Garraio\Faculty\CSE211 Introduction to
#        Embedded\02-Labs\02-Lab_Projects\07-Week10\03-GPIO-Systick-Interrupt\Debug\Obj\main.o"
#        "C:\Users\ahmed\OneDrive - Garraio\Faculty\CSE211 Introduction to
#        Embedded\02-Labs\02-Lab_Projects\07-Week10\03-GPIO-Systick-Interrupt\Debug\Obj\startup_ewarm.o"
#        "C:\Users\ahmed\OneDrive - Garraio\Faculty\CSE211 Introduction to
#        Embedded\02-Labs\02-Lab_Projects\07-Week10\03-GPIO-Systick-Interrupt\Debug\Obj\systick.o"
#        --no_out_extension -o "C:\Users\ahmed\OneDrive -
#        Garraio\Faculty\CSE211 Introduction to
#        Embedded\02-Labs\02-Lab_Projects\07-Week10\03-GPIO-Systick-Interrupt\Debug\Exe\03-GPIO-Systick-Interrupt.out"
#        --redirect _Printf=_PrintfFullNoMb --redirect _Scanf=_ScanfFullNoMb
#        --map "C:\Users\ahmed\OneDrive - Garraio\Faculty\CSE211 Introduction
#        to
#        Embedded\02-Labs\02-Lab_Projects\07-Week10\03-GPIO-Systick-Interrupt\Debug\List\03-GPIO-Systick-Interrupt.map"
#        --config "C:\Program Files\IAR Systems\Embedded Workbench
#        9.0\arm\config\linker\TexasInstruments\TM4C123GH6.icf" --semihosting
#        --entry __iar_program_start --vfe --text_out locale)
#
###############################################################################

*******************************************************************************
*** RUNTIME MODEL ATTRIBUTES
***

CppFlavor       = *
__SystemLibrary = DLib
__dlib_version  = 6


*******************************************************************************
*** HEAP SELECTION
***

The basic heap was selected because no calls to memory allocation
functions were found in the application outside of system library
functions, and there are calls to deallocation functions in the
application.


*******************************************************************************
*** PLACEMENT SUMMARY
***

"A0":  place at address 0x0 { ro section .intvec };
"P1":  place in [from 0x0 to 0x3'ffff] { ro };
define block CSTACK with size = 4K, alignment = 8 { };
define block HEAP with size = 8K, alignment = 8 { };
"P2":  place in [from 0x2000'0000 to 0x2000'7fff] {
          rw, block CSTACK, block HEAP };
do not initialize { rw section .noinit };

  Section          Kind         Address   Size  Object
  -------          ----         -------   ----  ------
"A0":                                    0x26c
  .intvec          const            0x0  0x26c  startup_ewarm.o [1]
                                - 0x26c  0x26c

"P1":                                    0x6a8
  .text            ro code        0x26c  0x43c  dio.o [1]
  .text            ro code        0x6a8   0xf8  main.o [1]
  .text            ro code        0x7a0   0x5c  systick.o [1]
  .text            ro code        0x7fc   0x38  zero_init3.o [4]
  .text            ro code        0x834   0x28  data_init.o [4]
  .text            ro code        0x85c   0x22  fpinit_M.o [3]
  .iar.init_table  const          0x880   0x10  - Linker created -
  .text            ro code        0x890   0x1e  startup_ewarm.o [1]
  .text            ro code        0x8b0   0x1c  cstartup_M.o [4]
  .text            ro code        0x8cc   0x1e  cmain.o [4]
  .text            ro code        0x8ea    0x4  low_level_init.o [2]
  .text            ro code        0x8ee    0x4  exit.o [2]
  .text            ro code        0x8f4    0xa  cexit.o [4]
  .text            ro code        0x900   0x14  exit.o [5]
  .rodata          const          0x914    0x0  zero_init3.o [4]
                                - 0x914  0x6a8

"P2", part 1 of 2:                         0x4
  .bss             zero     0x2000'0000    0x1  systick.o [1]
                          - 0x2000'0001    0x1

"P2", part 2 of 2:                       0x200
  .noinit          uninit   0x2000'0004  0x200  startup_ewarm.o [1]
                          - 0x2000'0204  0x200

Unused ranges:

         From           To      Size
         ----           --      ----
        0x914     0x3'ffff  0x3'f6ec
  0x2000'0204  0x2000'7fff    0x7dfc


*******************************************************************************
*** INIT TABLE
***

          Address      Size
          -------      ----
Zero (__iar_zero_init3)
    1 destination range, total size 0x1:
          0x2000'0000   0x1



*******************************************************************************
*** MODULE SUMMARY
***

    Module            ro code  ro data  rw data
    ------            -------  -------  -------
command line/config:
    -------------------------------------------
    Total:

C:\Users\ahmed\OneDrive - Garraio\Faculty\CSE211 Introduction to Embedded\02-Labs\02-Lab_Projects\07-Week10\03-GPIO-Systick-Interrupt\Debug\Obj: [1]
    dio.o               1'084
    main.o                248
    startup_ewarm.o        30      620      512
    systick.o              92                 1
    -------------------------------------------
    Total:              1'454      620      513

dl7M_tln.a: [2]
    exit.o                  4
    low_level_init.o        4
    -------------------------------------------
    Total:                  8

m7M_tls.a: [3]
    fpinit_M.o             34
    -------------------------------------------
    Total:                 34

rt7M_tl.a: [4]
    cexit.o                10
    cmain.o                30
    cstartup_M.o           28
    data_init.o            40
    zero_init3.o           56
    -------------------------------------------
    Total:                164

shb_l.a: [5]
    exit.o                 20
    -------------------------------------------
    Total:                 20

    Gaps                    6        2
    Linker created                  16
-----------------------------------------------
    Grand Total:        1'686      638      513


*******************************************************************************
*** ENTRY LIST
***

Entry                       Address   Size  Type      Object
-----                       -------   ----  ----      ------
.iar.init_table$$Base         0x880          --   Gb  - Linker created -
.iar.init_table$$Limit        0x890          --   Gb  - Linker created -
?main                         0x8cd         Code  Gb  cmain.o [4]
DIO_Init                      0x26d  0x29c  Code  Gb  dio.o [1]
DIO_SetPUR                    0x557   0xa0  Code  Gb  dio.o [1]
DIO_TogglePin                 0x509   0x4e  Code  Gb  dio.o [1]
FaultISR                      0x8ab    0x2  Code  Lc  startup_ewarm.o [1]
GPIOPortF_Handler             0x747   0x30  Code  Gb  main.o [1]
IntDefaultHandler             0x8ad    0x2  Code  Lc  startup_ewarm.o [1]
NmiSR                         0x8a9    0x2  Code  Lc  startup_ewarm.o [1]
Region$$Table$$Base           0x880          --   Gb  - Linker created -
Region$$Table$$Limit          0x890          --   Gb  - Linker created -
ResetISR                      0x891   0x14  Code  Gb  startup_ewarm.o [1]
SysTick_Init                  0x7a1   0x2e  Code  Gb  systick.o [1]
SystickHandler                0x7e1   0x1c  Code  Gb  systick.o [1]
__cmain                       0x8cd         Code  Gb  cmain.o [4]
__exit                        0x901   0x14  Code  Gb  exit.o [5]
__iar_data_init3              0x835   0x28  Code  Gb  data_init.o [4]
__iar_init_vfp                0x85d         Code  Gb  fpinit_M.o [3]
__iar_program_start           0x8b1         Code  Gb  cstartup_M.o [4]
__iar_zero_init3              0x7fd   0x38  Code  Gb  zero_init3.o [4]
__low_level_init              0x8eb    0x4  Code  Gb  low_level_init.o [2]
__vector_table                  0x0  0x26c  Data  Gb  startup_ewarm.o [1]
_call_main                    0x8d9         Code  Gb  cmain.o [4]
_exit                         0x8f5         Code  Gb  cexit.o [4]
exit                          0x8ef    0x4  Code  Gb  exit.o [2]
interruptMode           0x2000'0000    0x1  Data  Lc  systick.o [1]
main                          0x6a9   0x9e  Code  Gb  main.o [1]
pui32Stack              0x2000'0004  0x200  Data  Lc  startup_ewarm.o [1]


[1] = C:\Users\ahmed\OneDrive - Garraio\Faculty\CSE211 Introduction to Embedded\02-Labs\02-Lab_Projects\07-Week10\03-GPIO-Systick-Interrupt\Debug\Obj
[2] = dl7M_tln.a
[3] = m7M_tls.a
[4] = rt7M_tl.a
[5] = shb_l.a

  1'686 bytes of readonly  code memory
    638 bytes of readonly  data memory
    513 bytes of readwrite data memory

Errors: none
Warnings: none
