###############################################################################
#
# IAR ELF Linker V9.10.1.308/W64 for ARM                  21/Nov/2025  22:21:59
# Copyright 2007-2021 IAR Systems AB.
#
#    Output file  =
#        C:\Users\ahmed\OneDrive - Garraio\Faculty\CSE211 Introduction to
#        Embedded\02-Labs\02-Lab_Projects\07-Week10\01-Polling-Problem\Debug\Exe\01-Polling-Problem.out
#    Map file     =
#        C:\Users\ahmed\OneDrive - Garraio\Faculty\CSE211 Introduction to
#        Embedded\02-Labs\02-Lab_Projects\07-Week10\01-Polling-Problem\Debug\List\01-Polling-Problem.map
#    Command line =
#        -f "C:\Users\ahmed\OneDrive - Garraio\Faculty\CSE211 Introduction to
#        Embedded\02-Labs\02-Lab_Projects\07-Week10\01-Polling-Problem\Debug\Exe\01-Polling-Problem.out.rsp"
#        ("C:\Users\ahmed\OneDrive - Garraio\Faculty\CSE211 Introduction to
#        Embedded\02-Labs\02-Lab_Projects\07-Week10\01-Polling-Problem\Debug\Obj\main.o"
#        "C:\Users\ahmed\OneDrive - Garraio\Faculty\CSE211 Introduction to
#        Embedded\02-Labs\02-Lab_Projects\07-Week10\01-Polling-Problem\Debug\Obj\systick.o"
#        --no_out_extension -o "C:\Users\ahmed\OneDrive -
#        Garraio\Faculty\CSE211 Introduction to
#        Embedded\02-Labs\02-Lab_Projects\07-Week10\01-Polling-Problem\Debug\Exe\01-Polling-Problem.out"
#        --redirect _Printf=_PrintfFullNoMb --redirect _Scanf=_ScanfFullNoMb
#        --map "C:\Users\ahmed\OneDrive - Garraio\Faculty\CSE211 Introduction
#        to
#        Embedded\02-Labs\02-Lab_Projects\07-Week10\01-Polling-Problem\Debug\List\01-Polling-Problem.map"
#        --config "C:\Program Files\IAR Systems\Embedded Workbench
#        9.0\arm\config\linker\TexasInstruments\TM4C123GH6.icf" --semihosting
#        --entry __iar_program_start --vfe --text_out locale)
#
###############################################################################

*******************************************************************************
*** RUNTIME MODEL ATTRIBUTES
***

CppFlavor       = *
__SystemLibrary = DLib
__dlib_version  = 6


*******************************************************************************
*** HEAP SELECTION
***

The basic heap was selected because no calls to memory allocation
functions were found in the application outside of system library
functions, and there are calls to deallocation functions in the
application.


*******************************************************************************
*** PLACEMENT SUMMARY
***

"A0":  place at address 0x0 { ro section .intvec };
"P1":  place in [from 0x0 to 0x3'ffff] { ro };
define block CSTACK with size = 4K, alignment = 8 { };
define block HEAP with size = 8K, alignment = 8 { };
"P2":  place in [from 0x2000'0000 to 0x2000'7fff] {
          rw, block CSTACK, block HEAP };

No sections matched the following patterns:

  rw  in "P2"


  Section   Kind         Address    Size  Object
  -------   ----         -------    ----  ------
"A0":                               0x40
  .intvec   ro code          0x0    0x40  vector_table_M.o [4]
                          - 0x40    0x40

"P1":                              0x144
  .text     ro code         0x40    0x78  main.o [1]
  .text     ro code         0xb8    0x44  systick.o [1]
  .text     ro code         0xfc    0x22  fpinit_M.o [3]
  .text     ro code        0x11e     0x2  vectortrap_M.o [4]
  .text     ro code        0x120    0x1e  cmain.o [4]
  .text     ro code        0x13e     0x4  low_level_init.o [2]
  .text     ro code        0x142     0x4  exit.o [2]
  .text     ro code        0x148     0xa  cexit.o [4]
  .text     ro code        0x154    0x14  exit.o [5]
  .text     ro code        0x168    0x1c  cstartup_M.o [4]
                         - 0x184   0x144

"P2":                             0x1000
  CSTACK             0x2000'0000  0x1000  <Block>
    CSTACK  uninit   0x2000'0000  0x1000  <Block tail>
                   - 0x2000'1000  0x1000

Unused ranges:

         From           To      Size
         ----           --      ----
        0x184     0x3'ffff  0x3'fe7c
  0x2000'1000  0x2000'7fff    0x7000



*******************************************************************************
*** MODULE SUMMARY
***

    Module            ro code  rw data
    ------            -------  -------
command line/config:
    ----------------------------------
    Total:

C:\Users\ahmed\OneDrive - Garraio\Faculty\CSE211 Introduction to Embedded\02-Labs\02-Lab_Projects\07-Week10\01-Polling-Problem\Debug\Obj: [1]
    main.o                120
    systick.o              68
    ----------------------------------
    Total:                188

dl7M_tln.a: [2]
    exit.o                  4
    low_level_init.o        4
    ----------------------------------
    Total:                  8

m7M_tls.a: [3]
    fpinit_M.o             34
    ----------------------------------
    Total:                 34

rt7M_tl.a: [4]
    cexit.o                10
    cmain.o                30
    cstartup_M.o           28
    vector_table_M.o       64
    vectortrap_M.o          2
    ----------------------------------
    Total:                134

shb_l.a: [5]
    exit.o                 20
    ----------------------------------
    Total:                 20

    Gaps                    4
    Linker created               4'096
--------------------------------------
    Grand Total:          388    4'096


*******************************************************************************
*** ENTRY LIST
***

Entry                     Address  Size  Type      Object
-----                     -------  ----  ----      ------
?main                       0x121        Code  Gb  cmain.o [4]
BusFault_Handler            0x11f        Code  Wk  vectortrap_M.o [4]
CSTACK$$Base          0x2000'0000         --   Gb  - Linker created -
CSTACK$$Limit         0x2000'1000         --   Gb  - Linker created -
DebugMon_Handler            0x11f        Code  Wk  vectortrap_M.o [4]
DelayMs                      0xe9  0x14  Code  Gb  systick.o [1]
HardFault_Handler           0x11f        Code  Wk  vectortrap_M.o [4]
HeavyTask                    0x41  0x1a  Code  Gb  main.o [1]
MemManage_Handler           0x11f        Code  Wk  vectortrap_M.o [4]
NMI_Handler                 0x11f        Code  Wk  vectortrap_M.o [4]
PendSV_Handler              0x11f        Code  Wk  vectortrap_M.o [4]
Region$$Table$$Base           0x0         --   Gb  - Linker created -
Region$$Table$$Limit          0x0         --   Gb  - Linker created -
SVC_Handler                 0x11f        Code  Wk  vectortrap_M.o [4]
SysTick_Handler             0x11f        Code  Wk  vectortrap_M.o [4]
SysTick_Init                 0xb9  0x1a  Code  Gb  systick.o [1]
SysTick_Wait                 0xd3   0xa  Code  Gb  systick.o [1]
UsageFault_Handler          0x11f        Code  Wk  vectortrap_M.o [4]
__cmain                     0x121        Code  Gb  cmain.o [4]
__exit                      0x155  0x14  Code  Gb  exit.o [5]
__iar_init_vfp               0xfd        Code  Gb  fpinit_M.o [3]
__iar_program_start         0x169        Code  Gb  cstartup_M.o [4]
__low_level_init            0x13f   0x4  Code  Gb  low_level_init.o [2]
__vector_table                0x0        Data  Gb  vector_table_M.o [4]
_call_main                  0x12d        Code  Gb  cmain.o [4]
_exit                       0x149        Code  Gb  cexit.o [4]
exit                        0x143   0x4  Code  Gb  exit.o [2]
main                         0x5b  0x48  Code  Gb  main.o [1]


[1] = C:\Users\ahmed\OneDrive - Garraio\Faculty\CSE211 Introduction to Embedded\02-Labs\02-Lab_Projects\07-Week10\01-Polling-Problem\Debug\Obj
[2] = dl7M_tln.a
[3] = m7M_tls.a
[4] = rt7M_tl.a
[5] = shb_l.a

    388 bytes of readonly  code memory
  4'096 bytes of readwrite data memory

Errors: none
Warnings: none
