###############################################################################
#
# IAR ELF Linker V9.10.1.308/W64 for ARM                  22/Nov/2025  13:31:38
# Copyright 2007-2021 IAR Systems AB.
#
#    Output file  =
#        C:\Users\ahmed\OneDrive - Garraio\Faculty\CSE211 Introduction to
#        Embedded\02-Labs\02-Lab_Projects\07-Week10\02-Systick-Interrupt\Debug\Exe\02-Systick-Interrupt.out
#    Map file     =
#        C:\Users\ahmed\OneDrive - Garraio\Faculty\CSE211 Introduction to
#        Embedded\02-Labs\02-Lab_Projects\07-Week10\02-Systick-Interrupt\Debug\List\02-Systick-Interrupt.map
#    Command line =
#        -f "C:\Users\ahmed\OneDrive - Garraio\Faculty\CSE211 Introduction to
#        Embedded\02-Labs\02-Lab_Projects\07-Week10\02-Systick-Interrupt\Debug\Exe\02-Systick-Interrupt.out.rsp"
#        ("C:\Users\ahmed\OneDrive - Garraio\Faculty\CSE211 Introduction to
#        Embedded\02-Labs\02-Lab_Projects\07-Week10\02-Systick-Interrupt\Debug\Obj\main.o"
#        "C:\Users\ahmed\OneDrive - Garraio\Faculty\CSE211 Introduction to
#        Embedded\02-Labs\02-Lab_Projects\07-Week10\02-Systick-Interrupt\Debug\Obj\startup_ewarm.o"
#        "C:\Users\ahmed\OneDrive - Garraio\Faculty\CSE211 Introduction to
#        Embedded\02-Labs\02-Lab_Projects\07-Week10\02-Systick-Interrupt\Debug\Obj\systick.o"
#        --no_out_extension -o "C:\Users\ahmed\OneDrive -
#        Garraio\Faculty\CSE211 Introduction to
#        Embedded\02-Labs\02-Lab_Projects\07-Week10\02-Systick-Interrupt\Debug\Exe\02-Systick-Interrupt.out"
#        --redirect _Printf=_PrintfFullNoMb --redirect _Scanf=_ScanfFullNoMb
#        --map "C:\Users\ahmed\OneDrive - Garraio\Faculty\CSE211 Introduction
#        to
#        Embedded\02-Labs\02-Lab_Projects\07-Week10\02-Systick-Interrupt\Debug\List\02-Systick-Interrupt.map"
#        --config "C:\Program Files\IAR Systems\Embedded Workbench
#        9.0\arm\config\linker\TexasInstruments\TM4C123GH6.icf" --semihosting
#        --entry __iar_program_start --vfe --text_out locale)
#
###############################################################################

*******************************************************************************
*** RUNTIME MODEL ATTRIBUTES
***

CppFlavor       = *
__SystemLibrary = DLib
__dlib_version  = 6


*******************************************************************************
*** HEAP SELECTION
***

The basic heap was selected because no calls to memory allocation
functions were found in the application outside of system library
functions, and there are calls to deallocation functions in the
application.


*******************************************************************************
*** PLACEMENT SUMMARY
***

"A0":  place at address 0x0 { ro section .intvec };
"P1":  place in [from 0x0 to 0x3'ffff] { ro };
define block CSTACK with size = 4K, alignment = 8 { };
define block HEAP with size = 8K, alignment = 8 { };
"P2":  place in [from 0x2000'0000 to 0x2000'7fff] {
          rw, block CSTACK, block HEAP };
do not initialize { rw section .noinit };

  Section          Kind         Address   Size  Object
  -------          ----         -------   ----  ------
"A0":                                    0x26c
  .intvec          const            0x0  0x26c  startup_ewarm.o [1]
                                - 0x26c  0x26c

"P1":                                    0x1f8
  .text            ro code        0x26c   0xa0  main.o [1]
  .text            ro code        0x30c   0x40  systick.o [1]
  .text            ro code        0x34c   0x38  zero_init3.o [4]
  .text            ro code        0x384   0x28  data_init.o [4]
  .text            ro code        0x3ac   0x22  fpinit_M.o [3]
  .iar.init_table  const          0x3d0   0x10  - Linker created -
  .text            ro code        0x3e0   0x1e  startup_ewarm.o [1]
  .text            ro code        0x400   0x1c  cstartup_M.o [4]
  .text            ro code        0x41c   0x1e  cmain.o [4]
  .text            ro code        0x43a    0x4  low_level_init.o [2]
  .text            ro code        0x43e    0x4  exit.o [2]
  .text            ro code        0x444    0xa  cexit.o [4]
  .text            ro code        0x450   0x14  exit.o [5]
  .rodata          const          0x464    0x0  zero_init3.o [4]
                                - 0x464  0x1f8

"P2", part 1 of 2:                         0xc
  .bss             zero     0x2000'0000    0x4  main.o [1]
  .bss             zero     0x2000'0004    0x4  systick.o [1]
  .bss             zero     0x2000'0008    0x1  systick.o [1]
                          - 0x2000'0009    0x9

"P2", part 2 of 2:                       0x200
  .noinit          uninit   0x2000'000c  0x200  startup_ewarm.o [1]
                          - 0x2000'020c  0x200

Unused ranges:

         From           To      Size
         ----           --      ----
        0x464     0x3'ffff  0x3'fb9c
  0x2000'020c  0x2000'7fff    0x7df4


*******************************************************************************
*** INIT TABLE
***

          Address      Size
          -------      ----
Zero (__iar_zero_init3)
    1 destination range, total size 0x9:
          0x2000'0000   0x9



*******************************************************************************
*** MODULE SUMMARY
***

    Module            ro code  ro data  rw data
    ------            -------  -------  -------
command line/config:
    -------------------------------------------
    Total:

C:\Users\ahmed\OneDrive - Garraio\Faculty\CSE211 Introduction to Embedded\02-Labs\02-Lab_Projects\07-Week10\02-Systick-Interrupt\Debug\Obj: [1]
    main.o                160                 4
    startup_ewarm.o        30      620      512
    systick.o              64                 5
    -------------------------------------------
    Total:                254      620      521

dl7M_tln.a: [2]
    exit.o                  4
    low_level_init.o        4
    -------------------------------------------
    Total:                  8

m7M_tls.a: [3]
    fpinit_M.o             34
    -------------------------------------------
    Total:                 34

rt7M_tl.a: [4]
    cexit.o                10
    cmain.o                30
    cstartup_M.o           28
    data_init.o            40
    zero_init3.o           56
    -------------------------------------------
    Total:                164

shb_l.a: [5]
    exit.o                 20
    -------------------------------------------
    Total:                 20

    Gaps                    6        2
    Linker created                  16
-----------------------------------------------
    Grand Total:          486      638      521


*******************************************************************************
*** ENTRY LIST
***

Entry                       Address   Size  Type      Object
-----                       -------   ----  ----      ------
.iar.init_table$$Base         0x3d0          --   Gb  - Linker created -
.iar.init_table$$Limit        0x3e0          --   Gb  - Linker created -
?main                         0x41d         Code  Gb  cmain.o [4]
FaultISR                      0x3fb    0x2  Code  Lc  startup_ewarm.o [1]
HeavyTask                     0x26d   0x1a  Code  Gb  main.o [1]
IntDefaultHandler             0x3fd    0x2  Code  Lc  startup_ewarm.o [1]
NmiSR                         0x3f9    0x2  Code  Lc  startup_ewarm.o [1]
Region$$Table$$Base           0x3d0          --   Gb  - Linker created -
Region$$Table$$Limit          0x3e0          --   Gb  - Linker created -
ResetISR                      0x3e1   0x14  Code  Gb  startup_ewarm.o [1]
SysTick_Init                  0x30d   0x2e  Code  Gb  systick.o [1]
SystickHandler                0x2bd   0x32  Code  Gb  main.o [1]
SystickHandler::counter
                        0x2000'0000    0x4  Data  Lc  main.o [1]
__cmain                       0x41d         Code  Gb  cmain.o [4]
__exit                        0x451   0x14  Code  Gb  exit.o [5]
__iar_data_init3              0x385   0x28  Code  Gb  data_init.o [4]
__iar_init_vfp                0x3ad         Code  Gb  fpinit_M.o [3]
__iar_program_start           0x401         Code  Gb  cstartup_M.o [4]
__iar_zero_init3              0x34d   0x38  Code  Gb  zero_init3.o [4]
__low_level_init              0x43b    0x4  Code  Gb  low_level_init.o [2]
__vector_table                  0x0  0x26c  Data  Gb  startup_ewarm.o [1]
_call_main                    0x429         Code  Gb  cmain.o [4]
_exit                         0x445         Code  Gb  cexit.o [4]
exit                          0x43f    0x4  Code  Gb  exit.o [2]
interruptMode           0x2000'0008    0x1  Data  Lc  systick.o [1]
main                          0x287   0x36  Code  Gb  main.o [1]
msTicks                 0x2000'0004    0x4  Data  Gb  systick.o [1]
pui32Stack              0x2000'000c  0x200  Data  Lc  startup_ewarm.o [1]


[1] = C:\Users\ahmed\OneDrive - Garraio\Faculty\CSE211 Introduction to Embedded\02-Labs\02-Lab_Projects\07-Week10\02-Systick-Interrupt\Debug\Obj
[2] = dl7M_tln.a
[3] = m7M_tls.a
[4] = rt7M_tl.a
[5] = shb_l.a

  486 bytes of readonly  code memory
  638 bytes of readonly  data memory
  521 bytes of readwrite data memory

Errors: none
Warnings: none
